[spboss.in/index.html]
[backblue.gif]
[fade.gif]
[index.html]
[spboss.in/favnew/fav32.png]
[spboss.in/favnew/apple-touch-icon.png]
[spboss.in/favnew/favicon-32x32.png]
[spboss.in/favnew/favicon-16x16.png]
[spboss.in/favnew/android-chrome-192x192.png]
[spboss.in/favnew/android-chrome-512x512.png]
[spboss.in/jodi/milan-morning.html]
[spboss.in/panel/milan-morning.html]
[spboss.in/jodi/sridevi.html]
[spboss.in/panel/sridevi.html]
[spboss.in/jodi/kalyan-morning.html]
[spboss.in/panel/kalyan-morning.html]
[spboss.in/jodi/padmavathi.html]
[spboss.in/panel/padmavathi.html]
[spboss.in/jodi/madhuri.html]
[spboss.in/panel/madhuri.html]
[spboss.in/jodi/maharani.html]
[spboss.in/panel/maharani.html]
[spboss.in/jodi/prabhat.html]
[spboss.in/panel/prabhat.html]
[spboss.in/jodi/karnataka-day.html]
[spboss.in/panel/karnataka-day.html]
[spboss.in/jodi/time-bazar.html]
[spboss.in/panel/time-bazar.html]
[spboss.in/jodi/diamond.html]
[spboss.in/panel/diamond.html]
[spboss.in/jodi/tara-mumbai-day.html]
[spboss.in/panel/tara-mumbai-day.html]
[spboss.in/jodi/milan-day.html]
[spboss.in/panel/milan-day.html]
[spboss.in/jodi/main-bazar-day.html]
[spboss.in/panel/main-bazar-day.html]
[spboss.in/jodi/puna-bazar.html]
[spboss.in/panel/puna-bazar.html]
[spboss.in/jodi/kalyan.html]
[spboss.in/panel/kalyan.html]
[spboss.in/jodi/sridevi-night.html]
[spboss.in/panel/sridevi-night.html]
[spboss.in/jodi/diamond-night.html]
[spboss.in/panel/diamond-night.html]
[spboss.in/jodi/madhuri-night.html]
[spboss.in/panel/madhuri-night.html]
[spboss.in/jodi/night-time-bazar.html]
[spboss.in/panel/night-time-bazar.html]
[spboss.in/jodi/tara-mumbai-night.html]
[spboss.in/panel/tara-mumbai-night.html]
[spboss.in/jodi/milan-night.html]
[spboss.in/panel/milan-night.html]
[spboss.in/jodi/rajdhani-night.html]
[spboss.in/panel/rajdhani-night.html]
[spboss.in/jodi/main-bazar.html]
[spboss.in/panel/main-bazar.html]
[spboss.in/jodi/maharani-day.html]
[spboss.in/panel/maharani-day.html]
[spboss.in/jodi/bombay-day.html]
[spboss.in/panel/bombay-day.html]
[spboss.in/jodi/sridevi-day.html]
[spboss.in/panel/sridevi-day.html]
[spboss.in/jodi/dhanshree.html]
[spboss.in/panel/dhanshree.html]
[spboss.in/jodi/kalyan-night.html]
[spboss.in/panel/kalyan-night.html]
[spboss.in/jodi/prabhat-night.html]
[spboss.in/panel/prabhat-night.html]
[spboss.in/jodi/namasthe.html]
[spboss.in/panel/namasthe.html]
[spboss.in/jodi/royal-super.html]
[spboss.in/panel/royal-super.html]
[spboss.in/jodi/mumbai-morning.html]
[spboss.in/panel/mumbai-morning.html]
[spboss.in/jodi/gujrat.html]
[spboss.in/panel/gujrat.html]
[spboss.in/jodi/old-main-mumbai.html]
[spboss.in/panel/old-main-mumbai.html]
[spboss.in/jodi/rajlaxmi.html]
[spboss.in/panel/rajlaxmi.html]
[spboss.in/jodi/madhur-morning.html]
[spboss.in/panel/madhur-morning.html]
[spboss.in/jodi/madhur-day.html]
[spboss.in/panel/madhur-day.html]
[spboss.in/jodi/madhur-night.html]
[spboss.in/panel/madhur-night.html]
[spboss.in/jodi/ratan-khatri.html]
[spboss.in/panel/ratan-khatri.html]
[spboss.in/jodi/maharani-night.html]
[spboss.in/panel/maharani-night.html]
[spboss.in/jodi/padmavathi-night.html]
[spboss.in/panel/padmavathi-night.html]
[spboss.in/jodi/jay-shree-day.html]
[spboss.in/panel/jay-shree-day.html]
[spboss.in/jodi/sri-dhanalaxmi.html]
[spboss.in/panel/sri-dhanalaxmi.html]
[spboss.in/jodi/sunday-bazar.html]
[spboss.in/panel/sunday-bazar.html]
[spboss.in/jodi/sunday-bazar-night.html]
[spboss.in/panel/sunday-bazar-night.html]
[spboss.in/jodi/paisa-bazar-day.html]
[spboss.in/panel/paisa-bazar-day.html]
[spboss.in/jodi/paisa-bazar-night.html]
[spboss.in/panel/paisa-bazar-night.html]
[spboss.in/jodi/super-goa-day.html]
[spboss.in/panel/super-goa-day.html]
[spboss.in/jodi/puna-night.html]
[spboss.in/panel/puna-night.html]
[spboss.in/jodi/mumbai-star.html]
[spboss.in/panel/mumbai-star.html]
[spboss.in/jodi/khajana.html]
[spboss.in/panel/khajana.html]
[spboss.in/jodi/sridevi-main.html]
[spboss.in/panel/sridevi-main.html]
[spboss.in/jodi/sridevi-main-night.html]
[spboss.in/panel/sridevi-main-night.html]
[spboss.in/jodi/puna-night-main.html]
[spboss.in/panel/puna-night-main.html]
[spboss.in/jodi/mumbai-star-main.html]
[spboss.in/panel/mumbai-star-main.html]
[spboss.in/jodi/central-bazar.html]
[spboss.in/panel/central-bazar.html]
[spboss.in/jodi/supreme-day.html]
[spboss.in/panel/supreme-day.html]
[spboss.in/jodi/supreme-night.html]
[spboss.in/panel/supreme-night.html]
[spboss.in/jodi/dhanshree-night.html]
[spboss.in/panel/dhanshree-night.html]
[spboss.in/jodi/bsf-bazar.html]
[spboss.in/panel/bsf-bazar.html]
[spboss.in/jodi/sita-morning.html]
[spboss.in/panel/sita-morning.html]
[spboss.in/jodi/kalyan-gold-night.html]
[spboss.in/panel/kalyan-gold-night.html]
[spboss.in/jodi/ratan-day.html]
[spboss.in/panel/ratan-day.html]
[spboss.in/jodi/srilakshmi.html]
[spboss.in/panel/srilakshmi.html]
[spboss.in/jodi/sridevi-royal.html]
[spboss.in/panel/sridevi-royal.html]
[spboss.in/jodi/delhi-day.html]
[spboss.in/panel/delhi-day.html]
[spboss.in/jodi/delhi-night.html]
[spboss.in/panel/delhi-night.html]
[spboss.in/jodi/chandan.html]
[spboss.in/panel/chandan.html]
[spboss.in/jodi/maharashtra.html]
[spboss.in/panel/maharashtra.html]
[spboss.in/jodi/worli.html]
[spboss.in/panel/worli.html]
[spboss.in/jodi/worli-mumbai-day.html]
[spboss.in/panel/worli-mumbai-day.html]
[spboss.in/jodi/worli-mumbai.html]
[spboss.in/panel/worli-mumbai.html]
[spboss.in/jodi/sita-day.html]
[spboss.in/panel/sita-day.html]
[spboss.in/jodi/satyam-mumbai.html]
[spboss.in/panel/satyam-mumbai.html]
[spboss.in/jodi/janta-morning.html]
[spboss.in/panel/janta-morning.html]
[spboss.in/jodi/central-bombay.html]
[spboss.in/panel/central-bombay.html]
[spboss.in/jodi/super-time.html]
[spboss.in/panel/super-time.html]
[spboss.in/jodi/bhagyalaxmi.html]
[spboss.in/panel/bhagyalaxmi.html]
[spboss.in/jodi/kaali.html]
[spboss.in/panel/kaali.html]
[spboss.in/jodi/super-matka.html]
[spboss.in/panel/super-matka.html]
[spboss.in/jodi/maharaj-time.html]
[spboss.in/panel/maharaj-time.html]
[spboss.in/jodi/maharaj-day.html]
[spboss.in/panel/maharaj-day.html]
[spboss.in/jodi/maharaj-night.html]
[spboss.in/panel/maharaj-night.html]
[spboss.in/jodi/rajdhani-day.html]
[spboss.in/panel/rajdhani-day.html]
[spboss.in/jodi/kalyan-bazar.html]
[spboss.in/panel/kalyan-bazar.html]
[spboss.in/jodi/main-bazar-morning.html]
[spboss.in/panel/main-bazar-morning.html]
[spboss.in/jodi/mahadevi.html]
[spboss.in/panel/mahadevi.html]
[spboss.in/jodi/kalyan-gold.html]
[spboss.in/panel/kalyan-gold.html]
[spboss.in/jodi/sita-night.html]
[spboss.in/panel/sita-night.html]
[spboss.in/jodi/kamal-morning.html]
[spboss.in/panel/kamal-morning.html]
[spboss.in/jodi/kamal-day.html]
[spboss.in/panel/kamal-day.html]
[spboss.in/jodi/kamal-night.html]
[spboss.in/panel/kamal-night.html]
[spboss.in/jodi/rajdhani-sunday.html]
[spboss.in/panel/rajdhani-sunday.html]
[spboss.in/jodi/andhra-morning.html]
[spboss.in/panel/andhra-morning.html]
[spboss.in/jodi/andhra-day.html]
[spboss.in/panel/andhra-day.html]
[spboss.in/jodi/andhra-night.html]
[spboss.in/panel/andhra-night.html]
[spboss.in/jodi/mahadevi-morning.html]
[spboss.in/panel/mahadevi-morning.html]
[spboss.in/jodi/mahadevi-night.html]
[spboss.in/panel/mahadevi-night.html]
[spboss.in/jodi/royal-day.html]
[spboss.in/panel/royal-day.html]
[spboss.in/jodi/meera-bazar-day.html]
[spboss.in/panel/meera-bazar-day.html]
[spboss.in/jodi/meera-bazar-night.html]
[spboss.in/panel/meera-bazar-night.html]
[spboss.in/jodi/kalyani-day.html]
[spboss.in/panel/kalyani-day.html]
[spboss.in/jodi/kalyani-night.html]
[spboss.in/panel/kalyani-night.html]
[spboss.in/jodi/delhi-bazar.html]
[spboss.in/panel/delhi-bazar.html]
[spboss.in/jodi/super-milan.html]
[spboss.in/panel/super-milan.html]
[spboss.in/jodi/urmila-day.html]
[spboss.in/panel/urmila-day.html]
[spboss.in/jodi/urmila-night.html]
[spboss.in/panel/urmila-night.html]
[spboss.in/404.php]
[spboss.in/jodi/bombay-rajshree-day.html]
[spboss.in/panel/bombay-rajshree-day.html]
[spboss.in/jodi/bombay-rajshree-night.html]
[spboss.in/panel/bombay-rajshree-night.html]
[spboss.in/jodi/milan-bazar-morning.html]
[spboss.in/panel/milan-bazar-morning.html]
[spboss.in/jodi/milan-bazar-day.html]
[spboss.in/panel/milan-bazar-day.html]
[spboss.in/jodi/milan-bazar-night.html]
[spboss.in/panel/milan-bazar-night.html]
[spboss.in/jodi/rajshree-night.html]
[spboss.in/panel/rajshree-night.html]
[spboss.in/jodi/rajyog-day.html]
[spboss.in/panel/rajyog-day.html]
[spboss.in/jodi/rajyog-night.html]
[spboss.in/panel/rajyog-night.html]
[spboss.in/jodi/kolhapur-day.html]
[spboss.in/panel/kolhapur-day.html]
[spboss.in/jodi/namasthe-night.html]
[spboss.in/panel/namasthe-night.html]
[spboss.in/jodi/kolhapur-night.html]
[spboss.in/panel/kolhapur-night.html]
[spboss.in/jodi/mumbai-day.html]
[spboss.in/panel/mumbai-day.html]
[spboss.in/baazi-baar-baar-live-starline-chart.html]
[spboss.in/ever-green-tricks/satta-matka-tricks-zone-tips.html]
[spboss.in/guessing-forum.html]
[spboss.in/matka-free-open.html]
[spboss.in/khatris-favourite-panna-chart.html]
[spboss.in/matka-final-number-chart.html]
[spboss.in/matka-jodi-count-chart.html]
[spboss.in/fix-open-to-close-by-date.html]
[spboss.in/jodi-chart-family-matka.html]
[spboss.in/penal-count-chart.html]
[spboss.in/penal-total-chart.html]
[spboss.in/all-22-card-panna-penal-patti-chart.html]
[spboss.in/about.html]
[spboss.in/contact.html]
[spboss.in/privacy.html]
[spboss.in/tos.html]
[spboss.in/index.html]
[spboss.in/sitemap.xml]
[cdn.ampproject.org/v0.js]
[cdn.ampproject.org/v0/amp-form-0.1.js]
[spboss.in/fav/favicon.ico]
[spboss.in/jodi/milan-morning.html]
[spboss.in/panel/milan-morning.html]
[spboss.in/jodi/sridevi.html]
[spboss.in/panel/sridevi.html]
[spboss.in/jodi/kalyan-morning.html]
[spboss.in/panel/kalyan-morning.html]
[spboss.in/jodi/padmavathi.html]
[spboss.in/panel/padmavathi.html]
[spboss.in/jodi/madhuri.html]
[spboss.in/panel/madhuri.html]
[spboss.in/jodi/maharani.html]
[spboss.in/panel/maharani.html]
[spboss.in/jodi/prabhat.html]
[spboss.in/panel/prabhat.html]
[spboss.in/jodi/karnataka-day.html]
[spboss.in/panel/karnataka-day.html]
[spboss.in/jodi/time-bazar.html]
[spboss.in/panel/time-bazar.html]
[spboss.in/jodi/diamond.html]
[spboss.in/panel/diamond.html]
[spboss.in/jodi/tara-mumbai-day.html]
[spboss.in/panel/tara-mumbai-day.html]
[spboss.in/jodi/milan-day.html]
[spboss.in/panel/milan-day.html]
[spboss.in/satta-matka-fix-game.html]
[spboss.in/css55/bootstrap.min.css]
[spboss.in/css55/responsive.css]
[spboss.in/css55/style.css]
[spboss.in/newfev/apple-icon-57x57.png]
[spboss.in/newfev/apple-icon-60x60.png]
[spboss.in/newfev/apple-icon-72x72.png]
[spboss.in/newfev/apple-icon-76x76.png]
[spboss.in/newfev/apple-icon-114x114.png]
[spboss.in/newfev/apple-icon-120x120.png]
[spboss.in/newfev/apple-icon-144x144.png]
[spboss.in/newfev/apple-icon-152x152.png]
[spboss.in/newfev/apple-icon-180x180.png]
[spboss.in/newfev/android-icon-192x192.png]
[spboss.in/newfev/newfevicon-32x32.png]
[spboss.in/newfev/newfevicon-96x96.png]
[spboss.in/newfev/newfevicon-16x16.png]
[spboss.in/jodi/main-bazar-day.html]
[spboss.in/panel/main-bazar-day.html]
[spboss.in/jodi/puna-bazar.html]
[spboss.in/panel/puna-bazar.html]
[spboss.in/jodi/kalyan.html]
[spboss.in/panel/kalyan.html]
[spboss.in/jodi/sridevi-night.html]
[spboss.in/panel/sridevi-night.html]
[spboss.in/jodi/diamond-night.html]
[spboss.in/panel/diamond-night.html]
[spboss.in/jodi/madhuri-night.html]
[spboss.in/panel/madhuri-night.html]
[spboss.in/jodi/night-time-bazar.html]
[spboss.in/panel/night-time-bazar.html]
[spboss.in/jodi/tara-mumbai-night.html]
[spboss.in/panel/tara-mumbai-night.html]
[spboss.in/jodi/milan-night.html]
[spboss.in/panel/milan-night.html]
[spboss.in/jodi/rajdhani-night.html]
[spboss.in/panel/rajdhani-night.html]
[spboss.in/jodi/main-bazar.html]
[spboss.in/panel/main-bazar.html]
[spboss.in/jodi/maharani-day.html]
[spboss.in/panel/maharani-day.html]
[spboss.in/jodi/bombay-day.html]
[spboss.in/panel/bombay-day.html]
[spboss.in/jodi/sridevi-day.html]
[spboss.in/panel/sridevi-day.html]
[spboss.in/jodi/dhanshree.html]
[spboss.in/panel/dhanshree.html]
[spboss.in/jodi/kalyan-night.html]
[spboss.in/panel/kalyan-night.html]
[spboss.in/jodi/prabhat-night.html]
[spboss.in/panel/prabhat-night.html]
[spboss.in/jodi/namasthe.html]
[spboss.in/panel/namasthe.html]
[spboss.in/jodi/royal-super.html]
[spboss.in/panel/royal-super.html]
[spboss.in/jodi/mumbai-morning.html]
[spboss.in/panel/mumbai-morning.html]
[spboss.in/jodi/gujrat.html]
[spboss.in/panel/gujrat.html]
[spboss.in/jodi/old-main-mumbai.html]
[spboss.in/panel/old-main-mumbai.html]
[spboss.in/jodi/rajlaxmi.html]
[spboss.in/panel/rajlaxmi.html]
[spboss.in/jodi/madhur-morning.html]
[spboss.in/panel/madhur-morning.html]
[spboss.in/jodi/madhur-day.html]
[spboss.in/panel/madhur-day.html]
[spboss.in/jodi/madhur-night.html]
[spboss.in/panel/madhur-night.html]
[spboss.in/jodi/ratan-khatri.html]
[spboss.in/panel/ratan-khatri.html]
[spboss.in/jodi/maharani-night.html]
[spboss.in/panel/maharani-night.html]
[spboss.in/jodi/padmavathi-night.html]
[spboss.in/panel/padmavathi-night.html]
[spboss.in/jodi/jay-shree-day.html]
[spboss.in/panel/jay-shree-day.html]
[spboss.in/jodi/sri-dhanalaxmi.html]
[spboss.in/panel/sri-dhanalaxmi.html]
[spboss.in/jodi/sunday-bazar.html]
[spboss.in/panel/sunday-bazar.html]
[spboss.in/jodi/sunday-bazar-night.html]
[spboss.in/panel/sunday-bazar-night.html]
[spboss.in/jodi/paisa-bazar-day.html]
[spboss.in/panel/paisa-bazar-day.html]
[spboss.in/jodi/paisa-bazar-night.html]
[spboss.in/panel/paisa-bazar-night.html]
[spboss.in/jodi/super-goa-day.html]
[spboss.in/panel/super-goa-day.html]
[spboss.in/jodi/puna-night.html]
[spboss.in/panel/puna-night.html]
[spboss.in/jodi/mumbai-star.html]
[spboss.in/panel/mumbai-star.html]
[spboss.in/jodi/khajana.html]
[spboss.in/panel/khajana.html]
[spboss.in/jodi/sridevi-main.html]
[spboss.in/panel/sridevi-main.html]
[spboss.in/jodi/sridevi-main-night.html]
[spboss.in/panel/sridevi-main-night.html]
[spboss.in/jodi/puna-night-main.html]
[spboss.in/panel/puna-night-main.html]
[spboss.in/jodi/mumbai-star-main.html]
[spboss.in/panel/mumbai-star-main.html]
[spboss.in/jodi/central-bazar.html]
[spboss.in/panel/central-bazar.html]
[spboss.in/jodi/supreme-day.html]
[spboss.in/panel/supreme-day.html]
[spboss.in/jodi/supreme-night.html]
[spboss.in/panel/supreme-night.html]
[spboss.in/jodi/dhanshree-night.html]
[spboss.in/panel/dhanshree-night.html]
[spboss.in/jodi/bsf-bazar.html]
[spboss.in/panel/bsf-bazar.html]
[spboss.in/jodi/sita-morning.html]
[spboss.in/panel/sita-morning.html]
[spboss.in/jodi/kalyan-gold-night.html]
[spboss.in/panel/kalyan-gold-night.html]
[spboss.in/jodi/ratan-day.html]
[spboss.in/panel/ratan-day.html]
[spboss.in/jodi/srilakshmi.html]
[spboss.in/panel/srilakshmi.html]
[spboss.in/jodi/sridevi-royal.html]
[spboss.in/panel/sridevi-royal.html]
[spboss.in/jodi/delhi-day.html]
[spboss.in/panel/delhi-day.html]
[spboss.in/jodi/delhi-night.html]
[spboss.in/panel/delhi-night.html]
[spboss.in/jodi/chandan.html]
[spboss.in/panel/chandan.html]
[spboss.in/jodi/maharashtra.html]
[spboss.in/panel/maharashtra.html]
[spboss.in/jodi/worli.html]
[spboss.in/panel/worli.html]
[spboss.in/jodi/worli-mumbai-day.html]
[spboss.in/panel/worli-mumbai-day.html]
[spboss.in/jodi/worli-mumbai.html]
[spboss.in/panel/worli-mumbai.html]
[spboss.in/jodi/sita-day.html]
[spboss.in/panel/sita-day.html]
[spboss.in/jodi/satyam-mumbai.html]
[spboss.in/panel/satyam-mumbai.html]
[spboss.in/jodi/janta-morning.html]
[spboss.in/panel/janta-morning.html]
[spboss.in/jodi/central-bombay.html]
[spboss.in/panel/central-bombay.html]
[spboss.in/jodi/super-time.html]
[spboss.in/panel/super-time.html]
[spboss.in/jodi/bhagyalaxmi.html]
[spboss.in/panel/bhagyalaxmi.html]
[spboss.in/jodi/kaali.html]
[spboss.in/panel/kaali.html]
[spboss.in/jodi/super-matka.html]
[spboss.in/panel/super-matka.html]
[spboss.in/jodi/maharaj-time.html]
[spboss.in/panel/maharaj-time.html]
[spboss.in/jodi/maharaj-day.html]
[spboss.in/panel/maharaj-day.html]
[spboss.in/jodi/maharaj-night.html]
[spboss.in/panel/maharaj-night.html]
[spboss.in/jodi/rajdhani-day.html]
[spboss.in/panel/rajdhani-day.html]
[spboss.in/jodi/kalyan-bazar.html]
[spboss.in/panel/kalyan-bazar.html]
[spboss.in/jodi/main-bazar-morning.html]
[spboss.in/panel/main-bazar-morning.html]
[spboss.in/jodi/mahadevi.html]
[spboss.in/panel/mahadevi.html]
[spboss.in/jodi/kalyan-gold.html]
[spboss.in/panel/kalyan-gold.html]
[spboss.in/jodi/sita-night.html]
[spboss.in/panel/sita-night.html]
[spboss.in/jodi/kamal-morning.html]
[spboss.in/panel/kamal-morning.html]
[spboss.in/jodi/kamal-day.html]
[spboss.in/panel/kamal-day.html]
[spboss.in/jodi/kamal-night.html]
[spboss.in/panel/kamal-night.html]
[spboss.in/jodi/rajdhani-sunday.html]
[spboss.in/panel/rajdhani-sunday.html]
[spboss.in/jodi/andhra-morning.html]
[spboss.in/panel/andhra-morning.html]
[spboss.in/jodi/andhra-day.html]
[spboss.in/panel/andhra-day.html]
[spboss.in/jodi/andhra-night.html]
[spboss.in/panel/andhra-night.html]
[spboss.in/jodi/mahadevi-morning.html]
[spboss.in/panel/mahadevi-morning.html]
[spboss.in/jodi/mahadevi-night.html]
[spboss.in/panel/mahadevi-night.html]
[spboss.in/jodi/royal-day.html]
[spboss.in/panel/royal-day.html]
[spboss.in/jodi/meera-bazar-day.html]
[spboss.in/panel/meera-bazar-day.html]
[spboss.in/jodi/meera-bazar-night.html]
[spboss.in/panel/meera-bazar-night.html]
[spboss.in/jodi/kalyani-day.html]
[spboss.in/panel/kalyani-day.html]
[spboss.in/jodi/kalyani-night.html]
[spboss.in/panel/kalyani-night.html]
[spboss.in/jodi/delhi-bazar.html]
[spboss.in/panel/delhi-bazar.html]
[spboss.in/jodi/super-milan.html]
[spboss.in/panel/super-milan.html]
[spboss.in/jodi/urmila-day.html]
[spboss.in/panel/urmila-day.html]
[spboss.in/jodi/urmila-night.html]
[spboss.in/panel/urmila-night.html]
[spboss.in/404.html]
[spboss.in/jodi/bombay-rajshree-day.html]
[spboss.in/panel/bombay-rajshree-day.html]
[spboss.in/jodi/bombay-rajshree-night.html]
[spboss.in/panel/bombay-rajshree-night.html]
[spboss.in/jodi/milan-bazar-morning.html]
[spboss.in/panel/milan-bazar-morning.html]
[spboss.in/jodi/milan-bazar-day.html]
[spboss.in/panel/milan-bazar-day.html]
[spboss.in/jodi/milan-bazar-night.html]
[spboss.in/panel/milan-bazar-night.html]
[spboss.in/jodi/rajshree-night.html]
[spboss.in/panel/rajshree-night.html]
[spboss.in/jodi/rajyog-day.html]
[spboss.in/panel/rajyog-day.html]
[spboss.in/jodi/rajyog-night.html]
[spboss.in/panel/rajyog-night.html]
[spboss.in/jodi/kolhapur-day.html]
[spboss.in/panel/kolhapur-day.html]
[spboss.in/jodi/namasthe-night.html]
[spboss.in/panel/namasthe-night.html]
[spboss.in/jodi/kolhapur-night.html]
[spboss.in/panel/kolhapur-night.html]
[spboss.in/jodi/mumbai-day.html]
[spboss.in/panel/mumbai-day.html]
[spboss.in/baazi-baar-baar-live-starline-chart.html]
[spboss.in/ever-green-tricks/img/favicon.ico]
[spboss.in/ever-green-tricks/css-js/style.css]
[spboss.in/ever-green-tricks/img/logo.webp]
[spboss.in/ever-green-tricks/satta-matka-trick-and-schemes-tips.html]
[spboss.in/ever-green-tricks/satta-matka-trick-and-schemes-tips2.html]
[spboss.in/ever-green-tricks/satta-matka-kalyan-close-lines-tips.html]
[spboss.in/ever-green-tricks/satta-matka-weekly-calculations-markets.html]
[spboss.in/ever-green-tricks/satta-matka-fix-day-figure-tips.html]
[spboss.in/ever-green-tricks/satta-matka-single-bracket-scheme-tips.html]
[spboss.in/ever-green-tricks/satta-matka-same-jodi-chart.html]
[spboss.in/ever-green-tricks/satta-matka-band-weak-gine-result.html]
[spboss.in/ever-green-tricks/satta-matka-supplimentry-red-tips.html]
[spboss.in/ever-green-tricks/satta-matka-line-ka-order-chart.html]
[spboss.in/ever-green-tricks/satta-matka-sardarji-ke-figure-chart.html]
[spboss.in/ever-green-tricks/satta-matka-milan-ank-tricks.html]
[spboss.in/ever-green-tricks/satta-matka-cross-line-dekho-tips.html]
[spboss.in/ever-green-tricks/satta-matka-jodi-ka-jodbhav-tips.html]
[spboss.in/ever-green-tricks/satta-matka-achuk-sangam-scheme-tips.html]
[spboss.in/ever-green-tricks/satta-matka-kalyan-fix-figure-tips.html]
[spboss.in/ever-green-tricks/satta-matka-mumbai-fix-figure-first-tips.html]
[spboss.in/ever-green-tricks/satta-matka-mumbai-fix-figure-second-tips.html]
[spboss.in/ever-green-tricks/satta-matka-mumbai-fix-figure-third-tips.html]
[spboss.in/ever-green-tricks/satta-matka-daily-figure-tricks-first.html]
[spboss.in/ever-green-tricks/satta-matka-daily-figure-tricks-second.html]
[spboss.in/ever-green-tricks/satta-matka-daily-figure-tricks-third.html]
[spboss.in/ever-green-tricks/satta-matka-daily-figure-tricks-four.html]
[spboss.in/ever-green-tricks/satta-matka-daily-figure-tricks-five.html]
[spboss.in/ever-green-tricks/satta-matka-daily-figure-tricks-six.html]
[spboss.in/ever-green-tricks/satta-matka-daily-figure-tricks-seven.html]
[spboss.in/ever-green-tricks/satta-matka-tricks-zone-tips.html]
[spboss.in/ever-green-tricks/satta-matka-daily-figure-tricks-eight.html]
[spboss.in/images1/favicon-96x96.png]
[maxcdn.bootstrapcdn.com/bootstrap/3.4.1/css/bootstrap.min.css]
[stackpath.bootstrapcdn.com/font-awesome/4.7.0/css/font-awesome.min.css]
[spboss.in/images1/logo.webp]
[spboss.in/forum-rules.html]
[spboss.in/images1/user.png]
[spboss.in/images1/RS3.webp]
[ajax.googleapis.com/ajax/libs/jquery/1.9.1/jquery.min.js]
[spboss.in/guessing-forum.html]
[spboss.in/matka-free-open.html]
[spboss.in/khatris-favourite-panna-chart.html]
[spboss.in/matka-final-number-chart.html]
[spboss.in/matka-jodi-count-chart.html]
[spboss.in/img/logo.png]
[spboss.in/fix-open-to-close-by-date.html]
[spboss.in/jodi-chart-family-matka.html]
[spboss.in/penal-count-chart.html]
[spboss.in/penal-total-chart.html]
[spboss.in/all-22-card-panna-penal-patti-chart.html]
[ajax.googleapis.com/ajax/libs/jquery/3.6.0/jquery.min.js]
[maxcdn.bootstrapcdn.com/bootstrap/3.4.1/js/bootstrap.min.js]
[spboss.in/about.html]
[spboss.in/contact.html]
[spboss.in/privacy.html]
[spboss.in/tos.html]
[cdnjs.cloudflare.com/ajax/libs/font-awesome/4.7.0/css/font-awesome.min.css]
[spboss.in/satta-matka-fix-game.html]
[spboss.in/fonts/glyphicons-halflings-regular.eot]
[spboss.in/fonts/glyphicons-halflings-regulard41dd41d.eot]
[spboss.in/fonts/glyphicons-halflings-regular.woff2]
[spboss.in/fonts/glyphicons-halflings-regular.woff]
[spboss.in/fonts/glyphicons-halflings-regular.ttf]
[spboss.in/css55/bootstrap.min.css]
[spboss.in/css55/responsive.css]
[spboss.in/css55/style.css]
[spboss.in/ever-green-tricks/css-js/style.css]
[spboss.in/ever-green-tricks/satta-matka-trick-and-schemes-tips.html]
[spboss.in/ever-green-tricks/satta-matka-trick-and-schemes-tips2.html]
[spboss.in/ever-green-tricks/satta-matka-kalyan-close-lines-tips.html]
[spboss.in/ever-green-tricks/satta-matka-weekly-calculations-markets.html]
[spboss.in/ever-green-tricks/satta-matka-fix-day-figure-tips.html]
[spboss.in/ever-green-tricks/satta-matka-single-bracket-scheme-tips.html]
[spboss.in/ever-green-tricks/satta-matka-same-jodi-chart.html]
[spboss.in/ever-green-tricks/satta-matka-band-weak-gine-result.html]
[spboss.in/ever-green-tricks/satta-matka-supplimentry-red-tips.html]
[spboss.in/ever-green-tricks/satta-matka-line-ka-order-chart.html]
[spboss.in/ever-green-tricks/satta-matka-sardarji-ke-figure-chart.html]
[spboss.in/ever-green-tricks/satta-matka-milan-ank-tricks.html]
[spboss.in/ever-green-tricks/satta-matka-cross-line-dekho-tips.html]
[spboss.in/ever-green-tricks/satta-matka-jodi-ka-jodbhav-tips.html]
[spboss.in/ever-green-tricks/satta-matka-achuk-sangam-scheme-tips.html]
[spboss.in/ever-green-tricks/satta-matka-kalyan-fix-figure-tips.html]
[spboss.in/ever-green-tricks/satta-matka-mumbai-fix-figure-first-tips.html]
[spboss.in/ever-green-tricks/satta-matka-mumbai-fix-figure-second-tips.html]
[spboss.in/ever-green-tricks/satta-matka-mumbai-fix-figure-third-tips.html]
[spboss.in/ever-green-tricks/satta-matka-daily-figure-tricks-first.html]
[spboss.in/ever-green-tricks/satta-matka-daily-figure-tricks-second.html]
[spboss.in/ever-green-tricks/satta-matka-daily-figure-tricks-third.html]
[spboss.in/ever-green-tricks/satta-matka-daily-figure-tricks-four.html]
[spboss.in/ever-green-tricks/satta-matka-daily-figure-tricks-five.html]
[spboss.in/ever-green-tricks/satta-matka-daily-figure-tricks-six.html]
[spboss.in/ever-green-tricks/satta-matka-daily-figure-tricks-seven.html]
[spboss.in/ever-green-tricks/satta-matka-daily-figure-tricks-eight.html]
[maxcdn.bootstrapcdn.com/bootstrap/3.4.1/css/bootstrap.min.css]
[stackpath.bootstrapcdn.com/font-awesome/4.7.0/css/font-awesome.min.css]
[spboss.in/fonts/glyphicons-halflings-regular.svg]
[spboss.in/forum-rules.html]
[cdnjs.cloudflare.com/ajax/libs/font-awesome/4.7.0/css/font-awesome.min.css]
[spboss.in/fonts/glyphicons-halflings-regular.svg]
[spboss.in/js/jquery.validate.min.js]
